Godot Engine v4.7.2.stable.official.ed1daf0bf - https://godotengine.org

t=  0.0 phase=0 racing= 0 moving=12 furthest_z=    0.0 player=(-1.83, 0.47, 1.06) v=0.87
t=  0.0 phase=0 racing= 0 moving= 1 furthest_z=    0.0 player=(-2.00, 0.49, 0.60) v=0.00
t=  1.1 phase=1 racing=12 moving=12 furthest_z=    0.0 player=(-1.98, 0.44, 0.35) v=0.66
t=  3.1 phase=1 racing=12 moving=12 furthest_z=   -3.8 player=(-1.45, -0.09, -2.04) v=2.04
t=  5.1 phase=1 racing=12 moving=12 furthest_z=  -11.6 player=(-1.62, -1.24, -7.89) v=3.93
t=  7.1 phase=1 racing=12 moving=12 furthest_z=  -22.6 player=(-2.18, -3.57, -17.44) v=5.82
t=  9.1 phase=1 racing=12 moving=12 furthest_z=  -32.9 player=(-1.46, -5.60, -29.25) v=6.02
t= 11.1 phase=1 racing=12 moving=12 furthest_z=  -41.1 player=(5.19, -8.30, -39.19) v=4.99
t= 13.2 phase=1 racing=12 moving=12 furthest_z=  -49.2 player=(6.24, -9.14, -46.33) v=3.54
t= 15.2 phase=1 racing=12 moving=12 furthest_z=  -62.4 player=(1.78, -12.26, -54.80) v=5.86
t= 17.2 phase=1 racing=12 moving=12 furthest_z=  -74.5 player=(-0.41, -14.15, -66.92) v=5.99
t= 19.2 phase=1 racing=12 moving=12 furthest_z=  -87.6 player=(-4.60, -17.62, -78.89) v=6.33
t= 21.2 phase=1 racing=12 moving=12 furthest_z= -100.8 player=(-1.88, -19.79, -89.19) v=5.32
t= 23.2 phase=1 racing=12 moving=12 furthest_z= -102.7 player=(-1.96, -22.38, -98.42) v=4.25
t= 25.2 phase=1 racing=12 moving=11 furthest_z= -103.8 player=(-0.41, -23.59, -102.89) v=1.74
t= 27.3 phase=1 racing=12 moving=10 furthest_z= -107.6 player=(-0.40, -23.58, -103.65) v=1.01
t= 29.3 phase=1 racing=12 moving= 5 furthest_z= -110.7 player=(-0.55, -24.08, -106.72) v=1.76
t= 31.3 phase=1 racing=12 moving= 2 furthest_z= -110.8 player=(-0.65, -24.40, -109.92) v=0.00
t= 33.3 phase=1 racing=12 moving= 5 furthest_z= -110.8 player=(-0.65, -24.40, -109.91) v=0.00
t= 35.3 phase=1 racing=12 moving= 3 furthest_z= -110.8 player=(-0.65, -24.40, -109.91) v=0.00
t= 37.3 phase=1 racing=12 moving= 2 furthest_z= -110.8 player=(-0.65, -24.40, -109.93) v=0.07
t= 39.4 phase=1 racing=12 moving= 0 furthest_z= -110.8 player=(-0.65, -24.40, -109.92) v=0.00
t= 41.4 phase=1 racing=12 moving= 1 furthest_z= -110.8 player=(-0.65, -24.40, -109.92) v=0.00
t= 43.4 phase=1 racing=12 moving= 0 furthest_z= -110.8 player=(-0.65, -24.40, -109.92) v=0.00
t= 45.4 phase=1 racing=12 moving= 0 furthest_z= -110.8 player=(-0.65, -24.40, -109.92) v=0.00
t= 47.4 phase=1 racing=12 moving= 0 furthest_z= -110.8 player=(-0.65, -24.40, -109.92) v=0.00
t= 49.4 phase=1 racing=12 moving= 0 furthest_z= -110.8 player=(-0.65, -24.40, -109.92) v=0.00
t= 51.5 phase=1 racing=12 moving= 0 furthest_z= -110.8 player=(-0.65, -24.40, -109.92) v=0.00
t= 53.5 phase=1 racing=12 moving= 0 furthest_z= -110.8 player=(-0.65, -24.40, -109.92) v=0.00
t= 55.5 phase=1 racing=12 moving= 0 furthest_z= -110.8 player=(-0.65, -24.40, -109.92) v=0.00
t= 57.5 phase=1 racing=12 moving= 0 furthest_z= -110.8 player=(-0.65, -24.40, -109.92) v=0.00
t= 59.5 phase=1 racing=12 moving= 0 furthest_z= -110.8 player=(-0.65, -24.40, -109.92) v=0.00
t= 61.5 phase=1 racing=12 moving= 0 furthest_z= -110.8 player=(-0.65, -24.40, -109.92) v=0.00
t= 63.6 phase=1 racing=12 moving= 0 furthest_z= -110.8 player=(-0.65, -24.40, -109.92) v=0.00
t= 65.6 phase=1 racing=12 moving= 0 furthest_z= -110.8 player=(-0.65, -24.40, -109.92) v=0.00
t= 67.6 phase=1 racing=12 moving= 0 furthest_z= -110.8 player=(-0.65, -24.40, -109.92) v=0.00
t= 69.6 phase=1 racing=12 moving= 0 furthest_z= -110.8 player=(-0.65, -24.40, -109.92) v=0.00
t= 71.6 phase=1 racing=12 moving= 0 furthest_z= -110.8 player=(-0.65, -24.40, -109.92) v=0.00
t= 73.6 phase=1 racing=12 moving= 0 furthest_z= -110.8 player=(-0.65, -24.40, -109.92) v=0.00
t= 75.7 phase=1 racing=12 moving= 0 furthest_z= -110.8 player=(-0.65, -24.40, -109.92) v=0.00
t= 77.7 phase=1 racing=12 moving= 0 furthest_z= -110.8 player=(-0.65, -24.40, -109.92) v=0.00
